{"time": "2025-07-08T22:17:45+03:00", "level": "0", "message": "test"}
{"time": "2025-07-08T22:17:45+03:00", "level": "1", "message": "test"}
{"time": "2025-07-08T22:17:45+03:00", "level": "2", "message": "test"}
{"time": "2025-07-08T22:17:45+03:00", "level": "3", "message": "test"}
{"time": "2025-07-08T22:17:45+03:00", "level": "4", "message": "test"}
{"time": "2025-07-08T22:17:45+03:00", "level": "5", "message": "test"}
{"time": "2025-07-08T22:17:45+03:00", "level": "6", "message": "test"}
{"time": "2025-07-08T22:17:45+03:00", "level": "7", "message": "test"}
{"time": "2025-07-08T22:17:45+03:00", "level": "8", "message": "test"}
{"time": "2025-07-08T22:17:45+03:00", "level": "9", "message": "test"}
{"time": "2025-07-08T22:17:45+03:00", "level": "10", "message": "test"}
{"time": "2025-07-08T22:17:45+03:00", "level": "11", "message": "test"}
{"time": "2025-07-08T22:17:45+03:00", "level": "12", "message": "test"}
{"time": "2025-07-08T22:17:45+03:00", "level": "13", "message": "test"}
{"time": "2025-07-08T22:17:45+03:00", "level": "14", "message": "test"}
{"time": "2025-07-08T22:17:45+03:00", "level": "15", "message": "test"}
{"time": "2025-07-08T22:17:45+03:00", "level": "16", "message": "test"}
{"time": "2025-07-08T22:17:45+03:00", "level": "17", "message": "test"}
{"time": "2025-07-08T22:17:45+03:00", "level": "18", "message": "test"}
{"time": "2025-07-08T22:17:45+03:00", "level": "19", "message": "test"}
